// Jest Snapshot v1, https://goo.gl/fbAQLP

exports[`renders correctly 1`] = `
<div
  className="navbar"
>
  <div
    className="container"
  >
    <div
      className="navbar-brand"
    >
      <a
        className="navbar-item"
        href="#"
      >
        <div
          className="logo"
        >
          Login App
        </div>
      </a>
    </div>
    <div
      className="navbar-menu"
    >
      <div
        className="navbar-end"
      >
        <a
          className="navbar-item"
          onClick={[Function]}
        >
          Log out
        </a>
      </div>
    </div>
  </div>
</div>
`;
