// Jest Snapshot v1, https://goo.gl/fbAQLP

exports[`renders correctly 1`] = `
<div
  className="App"
>
  <section
    className="hero is-fullheight landing"
  >
    <div
      className="hero-body"
    >
      <div
        className="container has-text-centered"
        id="login-form"
      >
        <div
          className="box"
        >
          <div>
            <div
              className="logo"
            >
              Login App
            </div>
          </div>
          <h3
            className="title"
          >
            Login
          </h3>
          <ul
            className="error-messages help is-danger"
          />
          <form>
            <div
              className="field"
            >
              <p
                className="control has-icons-left has-icons-right"
              >
                <input
                  className="input"
                  name="email"
                  onChange={[Function]}
                  placeholder="Email"
                  type="email"
                  value=""
                />
                <span
                  className="icon is-small is-left"
                >
                  <i
                    className="fas fa-envelope"
                  />
                </span>
                <span
                  className="icon is-small is-right"
                >
                  <i
                    className="fas fa-check"
                  />
                </span>
              </p>
            </div>
            <div
              className="field"
            >
              <p
                className="control has-icons-left"
              >
                <input
                  className="input"
                  name="password"
                  onChange={[Function]}
                  placeholder="Password"
                  type="password"
                  value=""
                />
                <span
                  className="icon is-small is-left"
                >
                  <i
                    className="fas fa-lock"
                  />
                </span>
              </p>
            </div>
            <button
              className="button is-block is-info is-large is-fullwidth"
              onClick={[Function]}
            >
              Submit
            </button>
          </form>
          <div>
            <p
              className="has-text-grey sub-menu"
            >
              <a
                href="/register"
                onClick={[Function]}
              >
                Sign Up
              </a>
                · 
              <a
                href="../"
              >
                Forgot Password
              </a>
                · 
              <a
                href="../"
              >
                Need Help?
              </a>
            </p>
          </div>
        </div>
      </div>
    </div>
  </section>
</div>
`;
